=== XinYueC 启动 ===

---------------测试代码---------------
00--菜单 库                           	
01--菜单 容器                        	
02--菜单 代码                        	
03--菜单 IO                            	
04--菜单 设备                        	
05--菜单 协议栈                     	
06--菜单 定时器                     	
07--菜单 XMemory                       	
08--菜单 数据                        	
---------------测试代码---------------
请输入序号进行选择 0~8,输入q退出

---------------IO---------------
0 返回上级目录 -----返回
01--菜单 网络(Network)               	
02--菜单 XSerialPort(串口)           	
03--菜单 XSocket(网络客户端)      	
04--菜单 TCP Server 测试             	
05--菜单 XUdpSocket(UDP套接字)      	
06--菜单 XTcpSocket(TCP套接字)      	
07--菜单 XHostInfo(DNS查询)          	
08--菜单 XDir(目录操作)            	
09--菜单 XFile(文件操作)           	
10--菜单 XFileInfo(文件信息)       	
11--菜单 XSaveFile(安全文件保存) 	
12--菜单 XFileDescriptor(描述符表) 	
---------------IO---------------
请输入序号进行选择 0~12,输入q退出

---------------XSocket(网络客户端)---------------
0 返回上级目录 -----返回
01--项目 主测试                     	
02--项目 百度外网测试            	
---------------XSocket(网络客户端)---------------
请输入序号进行选择 0~2,输入q退出

开始---------------百度外网测试---------------
=== XSocketTest 百度外网测试 ===
180.101.51.73
[百度] TCP连接成功，发送HTTP GET请求...
[百度] 已发送HTTP请求，等待响应...
HTTP/1.1 200 OK
Accept-Ranges: bytes
Cache-Control: no-cache
Content-Length: 29506
Content-Type: text/html
Date: Sat, 11 Jul 2026 17:46:00 GMT
P3p: CP=" OTI DSP COR IVA OUR IND COM "
P3p: CP=" OTI DSP COR IVA OUR IND COM "
Pragma: no-cache
Server: BWS/1.1
Set-Cookie: BAIDUID=9E41836A99D27E800FE794F3D1351F42:FG=1; expires=Thu, 31-Dec-37 23:55:55 GMT; max-age=2147483647; path=/; domain=.baidu.com
Set-Cookie: BIDUPSID=9E41836A99D27E800FE794F3D1351F42; expires=Thu, 31-Dec-37 23:55:55 GMT; max-age=2147483647; path=/; domain=.baidu.com
Set-Cookie: PSTM=1783791960; expires=Thu, 31-Dec-37 23:55:55 GMT; max-age=2147483647; path=/; domain=.baidu.com
Set-Cookie: BAIDUID=9E41836A99D27E80218A60058F12B057:FG=1; max-age=31536000; expires=Sun, 11-Jul-27 17:46:00 GMT; domain=.baidu.com; path=/; version=1; comment=bd
Tr_id: pr_0xfd339417027f951d
Traceid: 178379196006072361068890627450973912859
Vary: Accept-Encoding
X-Ua-Compatible: IE=Edge,chrome=1
X-Xss-Protection: 1;mode=block
Connection: close

<!DOCTYPE html>
<html>
<head>
    <meta http-equiv="Content-Type" content="text/html; charset=UTF-8" />
    <meta http-equiv="X-UA-Compatible" content="IE=edge,chrome=1" />
    <meta content="always" name="referrer" />
    <meta
        name="description"
        content="全球领先的中文搜索引擎、致力于让网民更便捷地获取信息，找到所求。百度超过千亿的中文网页数据库，可以瞬间找到相关的搜索结果。"
    />
    <link rel="shortcut icon" href="//www.baidu.com/favicon.ico" type="image/x-icon" />
    <link
        rel="search"
        type="application/opensearchdescription+xml"
        href="//www.baidu.com/content-search.xml"
        title="百度搜索"
    />
    <title>百度一下，你就知道</title>
    <style type="text/css">
        body {
            margin: 0;
            padding: 0;
            text-align: center;
            background: #fff;
            height: 100%;
        }

        html {
            overflow-y: auto;
            color: #000;
            overflow: -moz-scrollbars;
            height: 100%;
        }

        body, input {
            font-size: 12px;
            font-family: "PingFang SC", Arial, "Microsoft YaHei", sans-serif;
        }

        a {
            text-decoration: none;
        }

        a:hover {
            text-decoration: underline;
        }

        img {
            border: 0;
            -ms-interpolation-mode: bicubic;
        }

        input {
            font-size: 100%;
            border: 0;
        }

        body, form {
            position: relative;
            z-index: 0;
        }

        #wrapper {
            height: 100%;
        }

        #head .s-ps-islite {
            _padding-bottom: 370px;
        }

        #head_wrapper.s-ps-islite {
            padding-bottom: 370px;
        }

        #head_wrapper.s-ps-islite .s_form {
            position: relative;
            z-index: 1;
        }

        #head_wrapper.s-ps-islite .fm {
            position: absolute;
            bottom: 0;
        }

        #head_wrapper.s-ps-islite .s-p-top {
            position: absolute;
            bottom: 40px;
            width: 100%;
            height: 181px;
        }

        #head_wrapper.s-ps-islite #s_lg_img {
            position: static;
            margin: 33px auto 0 auto;
            left: 50%;
        }

        #form {
            z-index: 1;
        }

        .s_form_wrapper {
            height: 100%;
        }

        #lh {
            margin: 16px 0 5px;
            word-spacing: 3px;
        }

        .c-font-normal {
            font: 13px/23px Arial, sans-serif;
        }

        .c-color-t {
            color: #222;
        }

        .c-btn,
        .c-btn:visited {
            color: #333 !important;
        }

        .c-btn {
            display: inline-block;
            overflow: hidden;
            font-family: inherit;
            font-weight: 400;
            text-align: center;
            vertical-align: middle;
            outline: 0;
            border: 0;
            height: 30px;
            width: 80px;
            line-height: 30px;
            font-size: 13px;
            border-radius: 6px;
            padding: 0;
            background-color: #f5f5f6;
            *zoom: 1;
            cursor: pointer;
        }

        .c-btn:hover {
            background-color: #315efb;
            color: #fff !important;
        }

        a.c-btn {
            text-decoration: none;
        }
        .c-btn-mini {
            height: 24px;
            width: 48px;
            line-height: 24px;
        }

        .c-btn-primary,
        .c-btn-primary:visited {
            color: #fff !important;
        }

        .c-btn-primary {
            background-color: #4e6ef2;
        }

        .c-btn-primary:hover {
            background-color: #315efb;
        }

        a:active {
            color: #f60;
        }

        #wrapper {
            position: relative;
            min-height: 100%;
        }

        #head {
            padding-bottom: 100px;
            text-align: center;
            *z-index: 1;
        }

        #wrapper {
            min-width: 1250px;
            height: 100%;
            min-height: 600px;
        }

        #head {
            position: relative;
            padding-bottom: 0;
            height: 100%;
            min-height: 600px;
        }

        .s_form_wrapper {
            height: 100%;
        }

        .quickdelete-wrap {
            position: relative;
        }

        .tools {
            position: absolute;
            right: -75px;
        }

        .s-isindex-wrap {
            position: relative;
        }

        #head_wrapper.head_wrapper {
            width: auto;
        }

        #head_wrapper {
            position: relative;
            height: 30%;
            min-height: 314px;
            max-height: 510px;
            width: 1000px;
            margin: 0 auto;
        }

        #head_wrapper .s-p-top {
            height: 60%;
            min-height: 185px;
            max-height: 310px;
            position: relative;
            z-index: 0;
            text-align: center;
        }

        #head_wrapper input {
            outline: 0;
            -webkit-appearance: none;
        }

        #head_wrapper .s_btn_wr,
        #head_wrapper .s_ipt_wr {
            display: inline-block;
            *display: inline;
            zoom: 1;
            background: 0 0;
            vertical-align: top;
            *vertical-align: middle;
        }

        #head_wrapper .s_ipt_wr {
            position: relative;
            width: 546px;
        }

        #head_wrapper .s_btn_wr {
            width: 108px;
            height: 44px;
            position: relative;
            z-index: 2;
        }

        #head_wrapper .s_ipt_wr:hover #kw {
            border-color: #a7aab5;
        }

        #head_wrapper #kw {
            width: 512px;
            height: 16px;
            padding: 12px 16px;
            font-size: 16px;
            margin: 0;
            vertical-align: top;
            outline: 0;
            box-shadow: none;
            border-radius: 10px 0 0 10px;
            border: 2px solid #c4c7ce;
            background: #fff;
            color: #222;
            overflow: hidden;
            box-sizing: content-box;
        }

        #head_wrapper #kw:focus {
            border-color: #4e6ef2 !important;
            opacity: 1;
            filter: alpha(opacity=100)\9
        }

        #head_wrapper .s_form {
            width: 654px;
            height: 100%;
            margin: 0 auto;
            text-align: left;
            z-index: 100;
        }

        #head_wrapper .s_btn {
            cursor: pointer;
            width: 108px;
            height: 44px;
            line-height: 45px;
            line-height: 44px\9;
            padding: 0;
            background: 0 0;
            background-color: #4e6ef2;
            border-radius: 0 10px 10px 0;
            font-size: 17px;
            color: #fff;
            box-shadow: none;
            font-weight: 400;
            border: none;
          [百度] 连接关闭
           margin-left: 6px;
            position: relative;
            top: -2px;
            display: inline-block;
            padding: 0 2px;
            text-align: center;
            vertical-align: middle;
            font-style: normal;
            color: #fff;
            overflow: hidden;
            line-height: 16px;
            height: 16px;
            font-size: 12px;
            border-radius: 4px;
            font-weight: 200;
        }

        #s-hotsearch-wrapper .c-text-hot {
            background-color: #f60;
        }

        #s-hotsearch-wrapper .c-index-single {
            display: inline-block;
            background: 0 0;
            color: #9195a3;
            letter-spacing: -1px;
        }

        #s-hotsearch-wrapper .c-index-single-hot1 {
            color: #fe2d46;
        }

        #s-hotsearch-wrapper .c-index-single-hot2 {
            color: #f60;
        }

        #s-hotsearch-wrapper .c-index-single-hot3 {
            color: #faa90e;
        }

        #s-hotsearch-wrapper blockquote,
        body,
        button,
        dd,
        dl,
        dt,
        fieldset,
        form,
        h1,
        h2,
        h3,
        h4,
        h5,
        h6,
        hr,
        input,
        legend,
        li,
        ol,
        p,
        pre,
        td,
        textarea,
        th,
        ul {
            margin: 0;
            padding: 0;
        }

        #s-hotsearch-wrapper form,
        li,
        p,
        ul {
            list-style: none;
        }

        .c-icon {
            font-family: cIconfont !important;
            font-style: normal;
            -webkit-font-smoothing: antialiased;
        }

        .s-top-left {
            position: absolute;
            left: 0;
            top: 0;
            z-index: 100;
            height: 60px;
            padding-left: 24px;
        }

        .s-top-left .mnav {
            margin-right: 31px;
            margin-top: 19px;
            display: inline-block;
            position: relative;
        }

        .s-top-left .mnav:hover .s-bri,
        .s-top-left a:hover {
            color: #315efb;
            text-decoration: none;
        }

        .s-top-left .s-top-more-btn {
            padding-bottom: 19px;
        }

        .s-top-left .s-top-more-btn:hover .s-top-more {
            display: block;
        }

        .s-top-right {
            position: absolute;
            right: 0;
            top: 0;
            z-index: 100;
            height: 60px;
            padding-right: 24px;
        }

        .s-top-right .s-top-right-text {
            margin-left: 32px;
            margin-top: 19px;
            display: inline-block;
            position: relative;
            vertical-align: top;
            cursor: pointer;
        }

        .s-top-right .s-top-right-text:hover {
            color: #315efb;
        }

        .s-top-right .s-top-login-btn {
            display: inline-block;
            margin-top: 18px;
            margin-left: 32px;
            font-size: 13px;
        }

        .s-top-right a:hover {
            text-decoration: none;
        }

        #bottom_layer {
            width: 100%;
            position: fixed;
            z-index: 302;
            bottom: 0;
            left: 0;
            height: 39px;
            padding-top: 1px;
            overflow: hidden;
            zoom: 1;
            margin: 0;
            line-height: 39px;
            background: #fff;
        }

        #bottom_layer .lh {
            display: inline;
            margin-right: 20px;
        }

        #bottom_layer .lh:last-child {
            margin-left: -2px;
            margin-right: 0;
        }

        #bottom_layer .lh.activity {
            font-weight: 700;
            text-decoration: underline;
        }

        #bottom_layer a {
            font-size: 12px;
            text-decoration: none;
        }

        #bottom_layer .text-color {
            color: #bbb;
        }

        #bottom_layer a:hover {
            color: #222;
        }

        #bottom_layer .s-bottom-layer-content {
            text-align: center;
        }

        @font-face {
            font-family: cIconfont;
            src: url('https://pss.bdstatic.com/static/superman/font/iconfont-cdfecb8456.eot');
            src: url('https://pss.bdstatic.com/static/superman/font/iconfont-cdfecb8456.eot?#iefix')
                    format('embedded-opentype'),
                url('https://pss.bdstatic.com/static/superman/font/iconfont-fa013548a9.woff2')
                    format('woff2'),
                url('https://pss.bdstatic.com/static/superman/font/iconfont-840387fb42.woff')
                    format('woff'),
                url('https://pss.bdstatic.com/static/superman/font/iconfont-4530e108b6.ttf')
                    format('truetype'),
                url('https://pss.bdstatic.com/static/superman/font/iconfont-74fcdd51ab.svg#iconfont')
                    format('svg');
        }
    </style>
</head>
<body>
    <div id="wrapper" class="wrapper_new">
        <div id="head">
            <div id="s-top-left" class="s-top-left s-isindex-wrap">
                <a href="//news.baidu.com/" target="_blank" class="mnav c-font-normal c-color-t">新闻</a>
                <a href="//www.hao123.com/" target="_blank" class="mnav c-font-normal c-color-t">hao123</a>
                <a href="//map.baidu.com/" target="_blank" class="mnav c-font-normal c-color-t">地图</a>
                <a href="//live.baidu.com/" target="_blank" class="mnav c-font-normal c-color-t">直播</a>
                <a href="//haokan.baidu.com/?sfrom=baidu-top" target="_blank" class="mnav c-font-normal c-color-t">视频</a>
                <a href="//tieba.baidu.com/" target="_blank" class="mnav c-font-normal c-color-t">贴吧</a>
                <a href="//xueshu.baidu.com/" target="_blank" class="mnav c-font-normal c-color-t">学术</a>
                <div class="mnav s-top-more-btn">
                    <a href="//www.baidu.com/more/" name="tj_briicon" class="s-bri c-font-normal c-color-t" target="_blank">更多</a>
                </div>
            </div>
            <div id="u1" class="s-top-right s-isindex-wrap">
                <a
                    class="s-top-login-btn c-btn c-btn-primary c-btn-mini lb"
                    style="position:relative;overflow: visible;"
                    name="tj_login"
                    href="//www.baidu.com/bdorz/login.gif?login&amp;tpl=mn&amp;u=http%3A%2F%2Fwww.baidu.com%2f%3fbdorz_come%3d1"
                >登录</a>
            </div>
            <div id="head_wrapper" class="head_wrapper s-isindex-wrap s-ps-islite">
                <div class="s_form">
                    <div class="s_form_wrapper">
                        <div id="lg" class="s-p-top">
                            <img
                                hidefocus="true"
                                id="s_lg_img"
                                class="index-logo-src"
                                src="//www.baidu.com/img/flexible/logo/pc/index.png"
                                width="270"
                                height="129"
                                usemap="#mp"
                            />
                            <map name="mp">
                                <area
                                    style="outline: none"
                                    hidefocus="true"
                                    shape="rect"
                                    coords="0,0,270,129"
                                    href="//www.baidu.com/s?wd=%E7%99%BE%E5%BA%A6%E7%83%AD%E6%90%9C&amp;sa=ire_dl_gh_logo_texing&amp;rsv_dl=igh_logo_pcs"
                                    target="_blank"
                                    title="点击一下，了解更多"
                                />
                            </map>
                        </div>
                        <a href="//www.baidu.com/" id="result_logo"></a>
                        <form id="form" name="f" action="//www.baidu.com/s" class="fm">
                            <input type="hidden" name="ie" value="utf-8" />
                      [百度] 连接关闭
s="c-icon"></i>
                                    <i class="c-icon arrow"></i>
                                </div>
                            </a>
                        </div>
                        <ul class="s-hotsearch-content" id="hotsearch-content-wrapper">
                            
<li class="hotsearch-item odd" data-index="0"><a class="title-content tag-width" href="https://www.baidu.com/s?wd=%E6%80%BB%E4%B9%A6%E8%AE%B0%E7%9A%84%E4%B8%80%E5%91%A8&sa=ipc_home_hotword_jt&rsv_dl=ipc_home_hotword_jt&from=super&cl=3&tn=baidutop10&fr=top1000&rsv_idx=2&hisfilter=1" target="_blank"><i class="c-icon title-content-top-icon"></i><span class="title-content-index c-index-single c-index-single-hot0">0</span><span class="title-content-title">总书记的一周</span></a></li>
<li class="hotsearch-item even" data-index="5"><a class="title-content tag-width" href="https://www.baidu.com/s?wd=%E5%BE%AE%E4%BF%A1%E6%96%B0%E5%8A%9F%E8%83%BD%E4%B8%8A%E7%BA%BF+%E5%8F%AF%E4%B8%80%E9%94%AE%E5%88%A0%E9%99%A4%E5%8D%95%E5%90%91%E5%A5%BD%E5%8F%8B&sa=ipc_home_hotword_jt&rsv_dl=ipc_home_hotword_jt&from=super&cl=3&tn=baidutop10&fr=top1000&rsv_idx=2&hisfilter=1" target="_blank"><i class="c-icon title-content-top-icon"></i><span class="title-content-index c-index-single c-index-single-hot5">5</span><span class="title-content-title">微信新功能上线 可一键删除单向好友</span></a><span class="title-content-mark c-text-hot">热</span></li>
<li class="hotsearch-item odd" data-index="1"><a class="title-content tag-width" href="https://www.baidu.com/s?wd=%E4%B9%A0%E8%BF%91%E5%B9%B3%E5%87%BA%E5%B8%AD%E6%B0%91%E8%90%A5%E4%BC%81%E4%B8%9A%E5%BA%A7%E8%B0%88%E4%BC%9A%E5%B9%B6%E8%AE%B2%E8%AF%9D&sa=ipc_home_hotword_jt&rsv_dl=ipc_home_hotword_jt&from=super&cl=3&tn=baidutop10&fr=top1000&rsv_idx=2&hisfilter=1" target="_blank"><i class="c-icon title-content-top-icon"></i><span class="title-content-index c-index-single c-index-single-hot1">1</span><span class="title-content-title">习近平出席民营企业座谈会并讲话</span></a></li>
<li class="hotsearch-item even" data-index="6"><a class="title-content tag-width" href="https://www.baidu.com/s?wd=%E8%BF%99%E4%B8%8B%E9%81%87%E5%88%B0%E7%9C%9F%E7%9F%B3%E7%9F%B6%E5%A8%98%E5%A8%98%E4%BA%86&sa=ipc_home_hotword_jt&rsv_dl=ipc_home_hotword_jt&from=super&cl=3&tn=baidutop10&fr=top1000&rsv_idx=2&hisfilter=1" target="_blank"><i class="c-icon title-content-top-icon"></i><span class="title-content-index c-index-single c-index-single-hot6">6</span><span class="title-content-title">这下遇到真石矶娘娘了</span></a></li>
<li class="hotsearch-item odd" data-index="2"><a class="title-content tag-width" href="https://www.baidu.com/s?wd=%E3%80%8A%E5%93%AA%E5%90%922%E3%80%8B%E8%B6%85%E3%80%8A%E7%8B%AE%E5%AD%90%E7%8E%8B%E3%80%8B%E8%BF%9B%E5%85%A8%E7%90%83%E7%A5%A8%E6%88%BF%E5%89%8D10&sa=ipc_home_hotword_jt&rsv_dl=ipc_home_hotword_jt&from=super&cl=3&tn=baidutop10&fr=top1000&rsv_idx=2&hisfilter=1" target="_blank"><i class="c-icon title-content-top-icon"></i><span class="title-content-index c-index-single c-index-single-hot2">2</span><span class="title-content-title">《哪吒2》超《狮子王》进全球票房前10</span></a><span class="title-content-mark c-text-hot">热</span></li>
<li class="hotsearch-item even" data-index="7"><a class="title-content tag-width" href="https://www.baidu.com/s?wd=%E4%BA%8E%E6%AD%A3%E5%8F%91%E9%95%BF%E6%96%87%E8%87%B4%E6%AD%89&sa=ipc_home_hotword_jt&rsv_dl=ipc_home_hotword_jt&from=super&cl=3&tn=baidutop10&fr=top1000&rsv_idx=2&hisfilter=1" target="_blank"><i class="c-icon title-content-top-icon"></i><span class="title-content-index c-index-single c-index-single-hot7">7</span><span class="title-content-title">于正发长文致歉</span></a></li>
<li class="hotsearch-item odd" data-index="3"><a class="title-content tag-width" href="https://www.baidu.com/s?wd=%E2%80%9C%E6%9D%91%E8%B6%85%E2%80%9D%E6%8C%81%E7%BB%AD%E5%8A%A9%E6%8E%A8%E4%B9%A1%E6%9D%91%E6%8C%AF%E5%85%B4&sa=ipc_home_hotword_jt&rsv_dl=ipc_home_hotword_jt&from=super&cl=3&tn=baidutop10&fr=top1000&rsv_idx=2&hisfilter=1" target="_blank"><i class="c-icon title-content-top-icon"></i><span class="title-content-index c-index-single c-index-single-hot3">3</span><span class="title-content-title">“村超”持续助推乡村振兴</span></a></li>
<li class="hotsearch-item even" data-index="8"><a class="title-content tag-width" href="https://www.baidu.com/s?wd=%E5%B0%BC%E6%A0%BC%E4%B9%B0%E6%8F%90%EF%BC%9A%E5%88%AB%E6%89%BE%E4%BA%86%E7%BB%93%E7%95%8C%E5%85%BD%E5%9C%A8%E7%A6%BE%E6%9C%A8&sa=ipc_home_hotword_jt&rsv_dl=ipc_home_hotword_jt&from=super&cl=3&tn=baidutop10&fr=top1000&rsv_idx=2&hisfilter=1" target="_blank"><i class="c-icon title-content-top-icon"></i><span class="title-content-index c-index-single c-index-single-hot8">8</span><span class="title-content-title">尼格买提：别找了结界兽在禾木</span></a></li>
<li class="hotsearch-item odd" data-index="4"><a class="title-content tag-width" href="https://www.baidu.com/s?wd=%E3%80%8A%E5%93%AA%E5%90%922%E3%80%8B%E6%80%BB%E7%A5%A8%E6%88%BF%E7%AA%81%E7%A0%B4120%E4%BA%BF&sa=ipc_home_hotword_jt&rsv_dl=ipc_home_hotword_jt&from=super&cl=3&tn=baidutop10&fr=top1000&rsv_idx=2&hisfilter=1" target="_blank"><i class="c-icon title-content-top-icon"></i><span class="title-content-index c-index-single c-index-single-hot4">4</span><span class="title-content-title">《哪吒2》总票房突破120亿</span></a><span class="title-content-mark c-text-hot">热</span></li>
<li class="hotsearch-item even" data-index="9"><a class="title-content tag-width" href="https://www.baidu.com/s?wd=%E5%A4%A7%E5%AD%A6%E7%94%9F60%E7%B1%B3%E6%A0%8F%E8%B7%91%E5%87%BA7.53%E9%85%B7%E4%BC%BC%E5%88%98%E7%BF%94&sa=ipc_home_hotword_jt&rsv_dl=ipc_home_hotword_jt&from=super&cl=3&tn=baidutop10&fr=top1000&rsv_idx=2&hisfilter=1" target="_blank"><i class="c-icon title-content-top-icon"></i><span class="title-content-index c-index-single c-index-single-hot9">9</span><span class="title-content-title">大学生60米栏跑出7.53酷似刘翔</span></a></li>
                        </ul>
                    </div>
                </div>
            </div>

            <div id="bottom_layer" class="s-bottom-layer s-isindex-wrap">
                <div class="s-bottom-layer-content">
                    <p class="lh"><a class="text-color" href="//home.baidu.com/" target="_blank">关于百度</a></p